---
source: minijinja/tests/test_templates.rs
description: "{% macro greet(first, second, third=[1,2,3]) %}\n    first is {{first}}\n    second is {{second}}\n    third is {{third}}\n{% endmacro %}\n{{greet('one', [4,2,3,4])}}\n\n{% macro second(param) %}\n    second macro goes {{param}}\n{% endmacro %}\n\n{% macro test(my_param = second('hello')) %}\n    hello {{my_param}}\n{% endmacro %}\n\n{{ test() }}\n{{ test('foo') }}\n\n{% macro array_construct(inputs = [], data_type = second('integer')) -%}\n    {{inputs}}{{data_type}}123\n{% endmacro %}\n{{array_construct()}}"
info: {}
input_file: minijinja/tests/inputs/macro_parameters_named.txt
---


    first is one
    second is [4, 2, 3, 4]
    third is [1, 2, 3]







    hello 
    second macro goes hello



    hello foo



[]
    second macro goes integer
123


