---
source: minijinja/tests/test_templates.rs
description: "valid strings\n:-2 is {{ foo[:-2] }}\n:5 is {{ foo[:5] }}\n2: is {{ foo[2:] }}\n-3: is {{ foo[-3:] }}\n3:5 is {{ foo[3:5] }}\n\nvalid lists\n:1 is {{ [1,2,3][:1] }}\n1:2 is {{ [1,2,3][1:2] }}\n-2: is {{ [1,2,3][:-2] }}\n-2: is {{ [1,2,3][2:] }}\n-2: is {{ [1,2,3][-1:-2] }}\n-1:3 is {{ [1,2,3][-1:3] }}\n-1:-2 is {{ [1,2,3][-1:-2] }}\n\nslicing variables\n{{ foo[(test_var|length):] }}\n{{ foo[1:(test_var|length)] }}\n{{ foo[(test_var|length):-1] }}\n{{ foo[(test_var|length):5] }}"
info:
  foo: abcdefghijklmnopqrstuvwxyz
  test_var: foo
input_file: minijinja/tests/inputs/slice.txt
---
valid strings
:-2 is abcdefghijklmnopqrstuvwx
:5 is abcde
2: is cdefghijklmnopqrstuvwxyz
-3: is xyz
3:5 is de

valid lists
:1 is [1]
1:2 is [2]
-2: is [1]
-2: is [3]
-2: is []
-1:3 is [3]
-1:-2 is []

slicing variables
defghijklmnopqrstuvwxyz
bc
defghijklmnopqrstuvwxy
de

